// Jest Snapshot v1, https://goo.gl/fbAQLP

exports[`Header should match snapshot 1`] = `
<header
  className="header"
>
  <div
    className="container"
  >
    <Logo />
    <span
      className="header__icon"
      onClick={[Function]}
      role="link"
      tabIndex="0"
    >
      <search-24px.svg />
    </span>
  </div>
</header>
`;
