// Jest Snapshot v1, https://goo.gl/fbAQLP

exports[`Header should match snapshot 1`] = `
<header
  className="header"
>
  <div
    className="container"
  >
    <Logo />
    <NavLink
      className="header__icon"
      exact={true}
      to="/"
    >
      <search-24px.svg />
    </NavLink>
  </div>
</header>
`;
