// Jest Snapshot v1, https://goo.gl/fbAQLP

exports[`Main should match snapshot 1`] = `
<div
  className="main"
>
  <Header />
  <main
    className="content"
  >
    <Switch>
      <Route
        component={[Function]}
        exact={true}
        path="/"
      />
      <Route
        component={[Function]}
        path="/film/:id"
      />
      <Route
        component={[Function]}
        exact={true}
        path="**"
      />
    </Switch>
  </main>
  <Footer />
</div>
`;
